// Vitest Snapshot v1, https://vitest.dev/guide/snapshot.html

exports[`JSON Structure Snapshots > ads.json structure matches snapshot 1`] = `
{
  "ad_groups": [
    {
      "descriptions": [
        "Convert WebP to PNG locally in your browser. Privacy-first, no uploads required.",
        "One-click WebP conversion. Fast, free, and secure Chrome extension.",
      ],
      "headlines": [
        "WebP to PNG Chrome Extension",
        "Convert WebP Files Instantly",
        "Free WebP Converter - No Upload",
      ],
      "keywords_exact": [
        "webp to png chrome extension",
      ],
      "keywords_phrase": [
        "webp png converter",
        "convert webp files",
      ],
      "landing_page": "/convertmyfile/webp-to-png",
      "name": "WebP PNG Conversion",
      "negatives": [
        "firefox",
        "safari",
        "mobile",
        "android",
        "ios",
      ],
      "performance_score": 8.73,
      "sitelinks": [
        "Features",
        "Privacy",
        "Formats",
        "Download",
      ],
      "volume_estimate": 1250.45,
    },
    {
      "descriptions": [
        "Convert PDF to JPG locally. No uploads, privacy-first PDF conversion.",
        "One-click PDF conversion. Fast, secure Chrome extension for PDFs.",
      ],
      "headlines": [
        "PDF to JPG Chrome Extension",
        "Convert PDF Files Instantly",
        "Free PDF Converter Tool",
      ],
      "keywords_exact": [
        "pdf to jpg chrome extension",
      ],
      "keywords_phrase": [
        "pdf converter chrome",
        "pdf to image",
      ],
      "landing_page": "/convertmyfile/pdf-to-jpg",
      "name": "PDF Conversion Tools",
      "negatives": [
        "firefox",
        "safari",
        "mobile",
        "android",
      ],
      "performance_score": 7.89,
      "sitelinks": [
        "Features",
        "Privacy",
        "PDF Tools",
        "Download",
      ],
      "volume_estimate": 890.12,
    },
  ],
  "callouts": [
    "Free Tier",
    "Privacy-First",
    "No Login Required",
  ],
  "generated_at": "2025-09-03T10:30:00.000Z",
  "markets": [
    "AU",
    "US",
    "GB",
  ],
  "product": "convertmyfile",
  "shared_negatives": [
    "tutorial",
    "course",
    "jobs",
    "api",
    "android",
    "iphone",
  ],
  "structured_snippets": {
    "Features": [
      "WebP→PNG",
      "HEIC→JPG",
      "PDF↔JPG",
      "Image Compression",
    ],
  },
  "summary": {
    "avg_performance_score": 8.31,
    "total_ad_groups": 2,
    "total_keywords": 6,
    "total_volume_estimate": 2140.57,
  },
  "version": "1.1.0",
}
`;

exports[`JSON Structure Snapshots > summary.json structure matches snapshot 1`] = `
{
  "data_sources": {
    "kwp_csv": {
      "available": true,
      "records": 45,
    },
    "rapid_keywords": {
      "available": true,
      "calls_made": 8,
      "calls_remaining": 12,
    },
    "rapid_serp": {
      "available": true,
      "calls_made": 15,
      "calls_remaining": 85,
    },
    "search_console": {
      "available": true,
      "records": 23,
    },
  },
  "markets": [
    "AU",
    "US",
    "GB",
  ],
  "outputs": {
    "ad_groups_created": 7,
    "keywords_found": 156,
    "landing_pages_briefed": 3,
    "landing_pages_mapped": 4,
    "shared_negatives": 12,
    "url_health_checks": 7,
    "url_health_failures": 0,
  },
  "performance_score": 8.31,
  "processing": {
    "cache_hit_rate": 0.73,
    "duration_ms": 30111,
    "end_time": "2025-09-03T10:30:15.234Z",
    "start_time": "2025-09-03T10:29:45.123Z",
  },
  "product": "convertmyfile",
  "quality_gates": {
    "all_ad_groups_have_landing_pages": true,
    "claims_validated": true,
    "csv_structure_valid": true,
    "url_health_passed": true,
  },
  "timestamp": "2025-09-03T10:30:15.234Z",
  "version": "1.1.0",
  "warnings": [
    "3 ad groups using estimated volume data from RapidAPI",
    "Approaching RapidAPI SERP call limit (15/30 used this run)",
  ],
}
`;
